---
http_interactions:
- request:
    method: delete
    uri: https://0384407c-95e1-4b27-aa6f-c5a7cb685015:@api.orchestrate.io/v0/test_models/instance_1?purge=true
    body:
      encoding: US-ASCII
      string: ''
    headers:
      Content-Type:
      - application/json
      Orchestrate-Client:
      - ruby/orchestrate-api/0.1.4
  response:
    status:
      code: 204
      message: No Content
    headers:
      Content-Type:
      - application/json
      Date:
      - Mon, 07 Apr 2014 21:14:18 GMT
      X-Orchestrate-Req-Id:
      - 949010b0-be99-11e3-b1d9-12313d2f9238
      Connection:
      - keep-alive
    body:
      encoding: UTF-8
      string: ''
    http_version: 
  recorded_at: Mon, 07 Apr 2014 21:14:18 GMT
- request:
    method: delete
    uri: https://0384407c-95e1-4b27-aa6f-c5a7cb685015:@api.orchestrate.io/v0/test_models/instance_101?purge=true
    body:
      encoding: US-ASCII
      string: ''
    headers:
      Content-Type:
      - application/json
      Orchestrate-Client:
      - ruby/orchestrate-api/0.1.4
  response:
    status:
      code: 204
      message: No Content
    headers:
      Content-Type:
      - application/json
      Date:
      - Mon, 07 Apr 2014 21:14:18 GMT
      X-Orchestrate-Req-Id:
      - 94c837b0-be99-11e3-9411-12313d2f50f8
      Connection:
      - keep-alive
    body:
      encoding: UTF-8
      string: ''
    http_version: 
  recorded_at: Mon, 07 Apr 2014 21:14:18 GMT
- request:
    method: delete
    uri: https://0384407c-95e1-4b27-aa6f-c5a7cb685015:@api.orchestrate.io/v0/test_models/instance_102?purge=true
    body:
      encoding: US-ASCII
      string: ''
    headers:
      Content-Type:
      - application/json
      Orchestrate-Client:
      - ruby/orchestrate-api/0.1.4
  response:
    status:
      code: 204
      message: No Content
    headers:
      Content-Type:
      - application/json
      Date:
      - Mon, 07 Apr 2014 21:14:19 GMT
      X-Orchestrate-Req-Id:
      - 9502cfb0-be99-11e3-a0ba-12313d2f7cdc
      Connection:
      - keep-alive
    body:
      encoding: UTF-8
      string: ''
    http_version: 
  recorded_at: Mon, 07 Apr 2014 21:14:19 GMT
recorded_with: VCR 2.9.0
