---
http_interactions:
- request:
    method: get
    uri: https://0384407c-95e1-4b27-aa6f-c5a7cb685015:@api.orchestrate.io/v0/test_models
    body:
      encoding: US-ASCII
      string: ''
    headers:
      Content-Type:
      - application/json
      Orchestrate-Client:
      - ruby/orchestrate-api/0.1.4
  response:
    status:
      code: 200
      message: OK
    headers:
      Content-Type:
      - application/json
      Date:
      - Mon, 07 Apr 2014 20:47:18 GMT
      X-Orchestrate-Req-Id:
      - cefc4290-be95-11e3-b1d9-12313d2f9238
      Content-Length:
      - '395'
      Connection:
      - keep-alive
    body:
      encoding: UTF-8
      string: '{"count":3,"results":[{"path":{"collection":"test_models","key":"instance_1","ref":"e2adb4604b0ff752"},"value":{"Name":"test_1","DESC":"desc_1"}},{"path":{"collection":"test_models","key":"instance_2","ref":"eb4ffa61141379cb"},"value":{"Name":"test_2","DESC":"desc_2"}},{"path":{"collection":"test_models","key":"instance_3","ref":"821158b04e8b1479"},"value":{"Name":"test_3","DESC":"desc_3"}}]}'
    http_version: 
  recorded_at: Mon, 07 Apr 2014 20:47:18 GMT
- request:
    method: get
    uri: https://0384407c-95e1-4b27-aa6f-c5a7cb685015:@api.orchestrate.io/v0/test_models?limit=2
    body:
      encoding: US-ASCII
      string: ''
    headers:
      Content-Type:
      - application/json
      Orchestrate-Client:
      - ruby/orchestrate-api/0.1.4
  response:
    status:
      code: 200
      message: OK
    headers:
      Content-Type:
      - application/json
      Date:
      - Mon, 07 Apr 2014 20:47:18 GMT
      Link:
      - </v0/test_models?limit=2&afterKey=instance_2>; rel="next"
      X-Orchestrate-Req-Id:
      - cf3db860-be95-11e3-9411-12313d2f50f8
      Transfer-Encoding:
      - chunked
      Connection:
      - keep-alive
    body:
      encoding: UTF-8
      string: '{"count":2,"results":[{"path":{"collection":"test_models","key":"instance_1","ref":"e2adb4604b0ff752"},"value":{"Name":"test_1","DESC":"desc_1"}},{"path":{"collection":"test_models","key":"instance_2","ref":"eb4ffa61141379cb"},"value":{"Name":"test_2","DESC":"desc_2"}}],"next":"/v0/test_models?limit=2&afterKey=instance_2"}'
    http_version: 
  recorded_at: Mon, 07 Apr 2014 20:47:18 GMT
- request:
    method: get
    uri: https://0384407c-95e1-4b27-aa6f-c5a7cb685015:@api.orchestrate.io/v0/test_models?limit=100&startKey=instance_2
    body:
      encoding: US-ASCII
      string: ''
    headers:
      Content-Type:
      - application/json
      Orchestrate-Client:
      - ruby/orchestrate-api/0.1.4
  response:
    status:
      code: 200
      message: OK
    headers:
      Content-Type:
      - application/json
      Date:
      - Mon, 07 Apr 2014 20:47:19 GMT
      X-Orchestrate-Req-Id:
      - cf84fa90-be95-11e3-a0ba-12313d2f7cdc
      Transfer-Encoding:
      - chunked
      Connection:
      - keep-alive
    body:
      encoding: UTF-8
      string: '{"count":2,"results":[{"path":{"collection":"test_models","key":"instance_2","ref":"eb4ffa61141379cb"},"value":{"Name":"test_2","DESC":"desc_2"}},{"path":{"collection":"test_models","key":"instance_3","ref":"821158b04e8b1479"},"value":{"Name":"test_3","DESC":"desc_3"}}]}'
    http_version: 
  recorded_at: Mon, 07 Apr 2014 20:47:19 GMT
- request:
    method: get
    uri: https://0384407c-95e1-4b27-aa6f-c5a7cb685015:@api.orchestrate.io/v0/test_models?limit=100&startKey=instance_3
    body:
      encoding: US-ASCII
      string: ''
    headers:
      Content-Type:
      - application/json
      Orchestrate-Client:
      - ruby/orchestrate-api/0.1.4
  response:
    status:
      code: 200
      message: OK
    headers:
      Content-Type:
      - application/json
      Date:
      - Mon, 07 Apr 2014 20:47:19 GMT
      X-Orchestrate-Req-Id:
      - cfc733b0-be95-11e3-b1d9-12313d2f9238
      Content-Length:
      - '147'
      Connection:
      - keep-alive
    body:
      encoding: UTF-8
      string: '{"count":1,"results":[{"path":{"collection":"test_models","key":"instance_3","ref":"821158b04e8b1479"},"value":{"Name":"test_3","DESC":"desc_3"}}]}'
    http_version: 
  recorded_at: Mon, 07 Apr 2014 20:47:19 GMT
- request:
    method: get
    uri: https://0384407c-95e1-4b27-aa6f-c5a7cb685015:@api.orchestrate.io/v0/test_models?afterKey=instance_1&limit=1
    body:
      encoding: US-ASCII
      string: ''
    headers:
      Content-Type:
      - application/json
      Orchestrate-Client:
      - ruby/orchestrate-api/0.1.4
  response:
    status:
      code: 200
      message: OK
    headers:
      Content-Type:
      - application/json
      Date:
      - Mon, 07 Apr 2014 20:47:20 GMT
      Link:
      - </v0/test_models?limit=1&afterKey=instance_2>; rel="next"
      X-Orchestrate-Req-Id:
      - d00993e0-be95-11e3-a0ba-12313d2f7cdc
      Transfer-Encoding:
      - chunked
      Connection:
      - keep-alive
    body:
      encoding: UTF-8
      string: '{"count":1,"results":[{"path":{"collection":"test_models","key":"instance_2","ref":"eb4ffa61141379cb"},"value":{"Name":"test_2","DESC":"desc_2"}}],"next":"/v0/test_models?limit=1&afterKey=instance_2"}'
    http_version: 
  recorded_at: Mon, 07 Apr 2014 20:47:20 GMT
- request:
    method: get
    uri: https://0384407c-95e1-4b27-aa6f-c5a7cb685015:@api.orchestrate.io/v0/test_models?afterKey=instance_2&limit=100
    body:
      encoding: US-ASCII
      string: ''
    headers:
      Content-Type:
      - application/json
      Orchestrate-Client:
      - ruby/orchestrate-api/0.1.4
  response:
    status:
      code: 200
      message: OK
    headers:
      Content-Type:
      - application/json
      Date:
      - Mon, 07 Apr 2014 20:47:20 GMT
      X-Orchestrate-Req-Id:
      - d0619ef0-be95-11e3-b1d9-12313d2f9238
      Transfer-Encoding:
      - chunked
      Connection:
      - keep-alive
    body:
      encoding: UTF-8
      string: '{"count":1,"results":[{"path":{"collection":"test_models","key":"instance_3","ref":"821158b04e8b1479"},"value":{"Name":"test_3","DESC":"desc_3"}}]}'
    http_version: 
  recorded_at: Mon, 07 Apr 2014 20:47:20 GMT
- request:
    method: get
    uri: https://0384407c-95e1-4b27-aa6f-c5a7cb685015:@api.orchestrate.io/v0/test_models?afterKey=instance_3&limit=100
    body:
      encoding: US-ASCII
      string: ''
    headers:
      Content-Type:
      - application/json
      Orchestrate-Client:
      - ruby/orchestrate-api/0.1.4
  response:
    status:
      code: 200
      message: OK
    headers:
      Content-Type:
      - application/json
      Date:
      - Mon, 07 Apr 2014 20:47:21 GMT
      X-Orchestrate-Req-Id:
      - d0a00780-be95-11e3-9411-12313d2f50f8
      Transfer-Encoding:
      - chunked
      Connection:
      - keep-alive
    body:
      encoding: UTF-8
      string: '{"count":0,"results":[]}'
    http_version: 
  recorded_at: Mon, 07 Apr 2014 20:47:21 GMT
- request:
    method: delete
    uri: https://0384407c-95e1-4b27-aa6f-c5a7cb685015:@api.orchestrate.io/v0/test_models?force=true
    body:
      encoding: US-ASCII
      string: ''
    headers:
      Content-Type:
      - application/json
      Orchestrate-Client:
      - ruby/orchestrate-api/0.1.4
  response:
    status:
      code: 204
      message: No Content
    headers:
      Content-Type:
      - application/json
      Date:
      - Mon, 07 Apr 2014 20:47:21 GMT
      X-Orchestrate-Req-Id:
      - d0df3360-be95-11e3-a0ba-12313d2f7cdc
      Connection:
      - keep-alive
    body:
      encoding: UTF-8
      string: ''
    http_version: 
  recorded_at: Mon, 07 Apr 2014 20:47:21 GMT
recorded_with: VCR 2.9.0
